// Jest Snapshot v1, https://goo.gl/fbAQLP

exports[`<MainMenu> Render 1`] = `
<ul
  className="mt-3"
>
  <li>
    <a
      onClick={[Function]}
      style={Object {}}
    >
      Home
    </a>
  </li>
  <li>
    <a
      onClick={[Function]}
      style={Object {}}
    >
      Parcels page
    </a>
  </li>
  <li>
    <a
      onClick={[Function]}
      style={Object {}}
    >
      Packages page
    </a>
  </li>
  <li>
    <a
      onClick={[Function]}
      style={Object {}}
    >
      Items page
    </a>
  </li>
</ul>
`;
